Archive member included to satisfy reference by file (symbol)

../psyq/lib/libapi.a(a91.o)   main.o (ChangeClearPAD)
../psyq/lib/libapi.a(pad.o)   main.o (InitPAD)
../psyq/lib/libapi.a(patch.o)
                              ../psyq/lib/libapi.a(pad.o) (_patch_pad)
../psyq/lib/libapi.a(a18.o)   ../psyq/lib/libapi.a(pad.o) (InitPAD2)
../psyq/lib/libapi.a(a19.o)   ../psyq/lib/libapi.a(pad.o) (StartPAD2)
../psyq/lib/libapi.a(a21.o)   ../psyq/lib/libapi.a(pad.o) (PAD_init2)
../psyq/lib/libapi.a(a36.o)   ../psyq/lib/libapi.a(pad.o) (EnterCriticalSection)
../psyq/lib/libapi.a(a37.o)   ../psyq/lib/libapi.a(pad.o) (ExitCriticalSection)
../psyq/lib/libapi.a(c68.o)   ../psyq/lib/libapi.a(patch.o) (FlushCache)
../psyq/lib/libapi.a(chclrpad.o)
                              ../psyq/lib/libapi.a(pad.o) (_remove_ChgclrPAD)
../psyq/lib/libapi.a(l02.o)   ../psyq/lib/libapi.a(pad.o) (SysEnqIntRP)
../psyq/lib/libapi.a(l03.o)   ../psyq/lib/libapi.a(pad.o) (SysDeqIntRP)
../psyq/lib/libc.a(c42.o)     main.o (memcpy)
../psyq/lib/libetc.a(vsync.o)
                              main.o (VSync)
../psyq/lib/libetc.a(intr_vb.o)
                              ../psyq/lib/libetc.a(vsync.o) (Vcount)
../psyq/lib/libetc.a(intr.o)  ../psyq/lib/libetc.a(intr_vb.o) (InterruptCallback)
../psyq/lib/libetc.a(intr_dma.o)
                              ../psyq/lib/libetc.a(intr.o) (startIntrDMA)
../psyq/lib/libgpu.a(e03.o)   main.o (SetDefDrawEnv)
../psyq/lib/libgpu.a(e04.o)   main.o (SetDefDispEnv)
../psyq/lib/libgpu.a(font.o)  main.o (FntFlush)
../psyq/lib/libgpu.a(p06.o)   ../psyq/lib/libgpu.a(font.o) (AddPrim)
../psyq/lib/libgpu.a(p09.o)   ../psyq/lib/libgpu.a(font.o) (TermPrim)
../psyq/lib/libgpu.a(p10.o)   ../psyq/lib/libgpu.a(font.o) (SetSemiTrans)
../psyq/lib/libgpu.a(p20.o)   ../psyq/lib/libgpu.a(font.o) (SetSprt8)
../psyq/lib/libgpu.a(p26.o)   ../psyq/lib/libgpu.a(font.o) (SetTile)
../psyq/lib/libgpu.a(p41.o)   ../psyq/lib/libgpu.a(font.o) (SetDrawMode)
../psyq/lib/libgpu.a(sys.o)   main.o (LoadImage)
../psyq/lib/libgpu.a(t00.o)   main.o (ReadTIM)
../psyq/lib/libgpu.a(e00.o)   ../psyq/lib/libgpu.a(font.o) (LoadTPage)
../psyq/lib/libgpu.a(e02.o)   ../psyq/lib/libgpu.a(font.o) (LoadClut2)
../psyq/lib/libgpu.a(p00.o)   ../psyq/lib/libgpu.a(e00.o) (GetTPage)
../psyq/lib/libgpu.a(p01.o)   ../psyq/lib/libgpu.a(e02.o) (GetClut)
../psyq/lib/libgte.a(msc00.o)
                              main.o (InitGeom)
../psyq/lib/libgte.a(patchgte.o)
                              ../psyq/lib/libgte.a(msc00.o) (_patch_gte)
../psyq/lib/libgte.a(reg12.o)
                              main.o (SetGeomOffset)
../psyq/lib/libgte.a(reg13.o)
                              main.o (SetGeomScreen)
../psyq/lib/libspu.a(s_gtsa.o)
                              main.o (SpuGetTransferStartAddr)
../psyq/lib/libspu.a(s_i.o)   main.o (SpuInit)
../psyq/lib/libspu.a(s_ini.o)
                              ../psyq/lib/libspu.a(s_i.o) (_SpuInit)
../psyq/lib/libspu.a(s_itc.o)
                              main.o (SpuIsTransferCompleted)
../psyq/lib/libspu.a(s_m.o)   ../psyq/lib/libspu.a(s_ini.o) (_spu_memList)
../psyq/lib/libspu.a(s_m_init.o)
                              main.o (SpuInitMalloc)
../psyq/lib/libspu.a(s_m_m.o)
                              main.o (SpuMalloc)
../psyq/lib/libspu.a(s_rmp0.o)
                              ../psyq/lib/libspu.a(s_ini.o) (_spu_rev_startaddr)
../psyq/lib/libspu.a(s_sca.o)
                              main.o (SpuSetCommonAttr)
../psyq/lib/libspu.a(s_si.o)  main.o (SpuSetIRQ)
../psyq/lib/libspu.a(s_sk.o)  main.o (SpuSetKey)
../psyq/lib/libspu.a(s_stm.o)
                              main.o (SpuSetTransferMode)
../psyq/lib/libspu.a(s_stsa.o)
                              main.o (SpuSetTransferStartAddr)
../psyq/lib/libspu.a(s_sva.o)
                              main.o (SpuSetVoiceAttr)
../psyq/lib/libspu.a(s_w.o)   main.o (SpuWrite)
../psyq/lib/libspu.a(spu.o)   ../psyq/lib/libspu.a(s_stsa.o) (_spu_FsetRXXa)
../psyq/lib/libspu.a(s_dcb.o)
                              ../psyq/lib/libspu.a(s_ini.o) (_SpuDataCallback)
../psyq/lib/libspu.a(s_m_int.o)
                              ../psyq/lib/libspu.a(s_m_m.o) (_spu_gcSPU)
../psyq/lib/libspu.a(s_n2p.o)
                              ../psyq/lib/libspu.a(s_sva.o) (_spu_note2pitch)
../psyq/lib/libapi.a(a07.o)   ../psyq/lib/libspu.a(spu.o) (DeliverEvent)
../psyq/lib/libapi.a(a08.o)   ../psyq/lib/libspu.a(s_ini.o) (OpenEvent)
../psyq/lib/libapi.a(a11.o)   ../psyq/lib/libspu.a(s_itc.o) (TestEvent)
../psyq/lib/libapi.a(a12.o)   ../psyq/lib/libspu.a(s_ini.o) (EnableEvent)
../psyq/lib/libapi.a(a23.o)   ../psyq/lib/libetc.a(intr.o) (ReturnFromException)
../psyq/lib/libapi.a(a24.o)   ../psyq/lib/libetc.a(intr.o) (ResetEntryInt)
../psyq/lib/libapi.a(a25.o)   ../psyq/lib/libetc.a(intr.o) (HookEntryInt)
../psyq/lib/libapi.a(c114.o)  ../psyq/lib/libetc.a(intr.o) (_96_remove)
../psyq/lib/libapi.a(c73.o)   ../psyq/lib/libgpu.a(sys.o) (GPU_cw)
../psyq/lib/libapi.a(l10.o)   ../psyq/lib/libetc.a(vsync.o) (ChangeClearRCnt)
../psyq/lib/libc.a(a63.o)     ../psyq/lib/libetc.a(vsync.o) (puts)
../psyq/lib/libc.a(c19.o)     ../psyq/lib/libetc.a(intr.o) (setjmp)
../psyq/lib/libc.a(c27.o)     ../psyq/lib/libgpu.a(font.o) (strlen)
../psyq/lib/libc.a(c43.o)     ../psyq/lib/libgpu.a(font.o) (memset)
../psyq/lib/libc.a(c63.o)     ../psyq/lib/libetc.a(intr.o) (printf)
../psyq/lib/libetc.a(vmode.o)
                              ../psyq/lib/libgpu.a(e03.o) (GetVideoMode)

Discarded input sections

 .text          0x0000000000000000        0x0 main.o
 .reginfo       0x0000000000000000       0x18 main.o
 .MIPS.abiflags
                0x0000000000000000       0x18 main.o
 .pdr           0x0000000000000000      0x140 main.o
 .text.identity
                0x0000000000000000       0x68 main.o
 .text          0x0000000000000000        0x0 ../common/crt0/crt0.o
 .data          0x0000000000000000        0x0 ../common/crt0/crt0.o
 .bss           0x0000000000000000        0x0 ../common/crt0/crt0.o
 .reginfo       0x0000000000000000       0x18 ../common/crt0/crt0.o
 .MIPS.abiflags
                0x0000000000000000       0x18 ../common/crt0/crt0.o

Memory Configuration

Name             Origin             Length             Attributes
loader           0x000000008000f800 0x0000000000000800
ram              0x0000000080010000 0x00000000001f0000 xrw
dcache           0x000000001f800000 0x0000000000000400
*default*        0x0000000000000000 0xffffffffffffffff

Linker script and memory map

LOAD main.o
LOAD ../common/crt0/crt0.o
LOAD TIM/smug64.o
LOAD VAG/hello.o
LOAD VAG/poly.o
START GROUP
LOAD ../psyq/lib/libapi.a
LOAD ../psyq/lib/libc.a
LOAD ../psyq/lib/libc2.a
LOAD ../psyq/lib/libcard.a
LOAD ../psyq/lib/libcomb.a
LOAD ../psyq/lib/libds.a
LOAD ../psyq/lib/libetc.a
LOAD ../psyq/lib/libgpu.a
LOAD ../psyq/lib/libgs.a
LOAD ../psyq/lib/libgte.a
LOAD ../psyq/lib/libgun.a
LOAD ../psyq/lib/libhmd.a
LOAD ../psyq/lib/libmath.a
LOAD ../psyq/lib/libmcrd.a
LOAD ../psyq/lib/libmcx.a
LOAD ../psyq/lib/libpad.a
LOAD ../psyq/lib/libpress.a
LOAD ../psyq/lib/libsio.a
LOAD ../psyq/lib/libsnd.a
LOAD ../psyq/lib/libspu.a
LOAD ../psyq/lib/libtap.a
END GROUP
                0x000000008003b734                __heap_base = __bss_end
                0x0000000080010000                TLOAD_ADDR = DEFINED (TLOAD_ADDR)?TLOAD_ADDR:0x80010000
                0x0000000080200000                __ram_top = (ORIGIN (ram) + LENGTH (ram))
                0x00000000801fff00                __sp = (__ram_top - 0x100)
                0x000000001f800000                __dcache = ORIGIN (dcache)
                0x000000001f800400                __dcache_top = (ORIGIN (dcache) + LENGTH (dcache))
                0x0000000000005f34                __bss_len = (__bss_end - __bss_start)
                0x0000000000008180                __ftext_len = (__ftext_end - __ftext_start)
                0x000000000001d680                __fdata_len = (__fdata_end - __fdata_start)
                0x0000000080200000                __stack_start = (ORIGIN (ram) + LENGTH (ram))

.PSX_EXE_Header
                0x000000008000f800      0x800
                0x000000008000f800        0x1 BYTE 0x50
                0x000000008000f801        0x1 BYTE 0x53
                0x000000008000f802        0x1 BYTE 0x2d
                0x000000008000f803        0x1 BYTE 0x58
                0x000000008000f804        0x1 BYTE 0x20
                0x000000008000f805        0x1 BYTE 0x45
                0x000000008000f806        0x1 BYTE 0x58
                0x000000008000f807        0x1 BYTE 0x45
                0x000000008000f808        0x4 LONG 0x0
                0x000000008000f80c        0x4 LONG 0x0
                0x000000008000f810        0x4 LONG 0x80010000 ABSOLUTE (_start)
                0x000000008000f814        0x4 LONG 0x0
                0x000000008000f818        0x4 LONG 0x80010000 TLOAD_ADDR
                0x000000008000f81c        0x4 LONG 0x25800 (__ftext_len + __fdata_len)
                0x000000008000f820        0x4 LONG 0x0
                0x000000008000f824        0x4 LONG 0x0
                0x000000008000f828        0x4 LONG 0x0
                0x000000008000f82c        0x4 LONG 0x0
                0x000000008000f830        0x4 LONG 0x801fff00 DEFINED (_sp)?ABSOLUTE (_sp):0x801fff00
                0x000000008000f834        0x4 LONG 0x0
                0x0000000080010000                . = (. + 0x7c8)
 *fill*         0x000000008000f838      0x7c8 
                0x0000000080010000                __ftext_start = ABSOLUTE (.)

.text           0x0000000080010000     0x8180
 *(.start)
 .start         0x0000000080010000       0x64 ../common/crt0/crt0.o
                0x0000000080010000                _start
 *(.init)
 *(SORT_NONE(.fini))
 *(.text.unlikely .text.*_unlikely .text.unlikely.*)
 *(.text.exit .text.exit.*)
 *(.text.startup .text.startup.*)
 .text.startup.main
                0x0000000080010064      0x5e0 main.o
                0x0000000080010064                main
 *(.text.hot .text.hot.*)
 *(.text .stub .text.* .gnu.linkonce.t.*)
 .text.initSnd  0x0000000080010644       0x48 main.o
                0x0000000080010644                initSnd
 .text.sendVAGtoRAM
                0x000000008001068c       0x50 main.o
                0x000000008001068c                sendVAGtoRAM
 .text.setVoiceAttr
                0x00000000800106dc       0x54 main.o
                0x00000000800106dc                setVoiceAttr
 .text.playSFX  0x0000000080010730        0xc main.o
                0x0000000080010730                playSFX
 .text.LoadTexture
                0x000000008001073c       0x7c main.o
                0x000000008001073c                LoadTexture
 .text.LoadSchesiss
                0x00000000800107b8       0x70 main.o
                0x00000000800107b8                LoadSchesiss
 .text.init     0x0000000080010828      0x244 main.o
                0x0000000080010828                init
 .text.display  0x0000000080010a6c       0xbc main.o
                0x0000000080010a6c                display
 .text          0x0000000080010b28       0x10 ../psyq/lib/libapi.a(a91.o)
                0x0000000080010b28                ChangeClearPAD
 .text          0x0000000080010b38      0x290 ../psyq/lib/libapi.a(pad.o)
                0x0000000080010b38                SetInitPadFlag
                0x0000000080010b44                ReadInitPadFlag
                0x0000000080010b54                PAD_init
                0x0000000080010be4                InitPAD
                0x0000000080010c74                StartPAD
 .text          0x0000000080010dc8       0xa0 ../psyq/lib/libapi.a(patch.o)
                0x0000000080010dc8                EnablePAD
                0x0000000080010ddc                DisablePAD
                0x0000000080010df0                _patch_pad
 .text          0x0000000080010e68       0x10 ../psyq/lib/libapi.a(a18.o)
                0x0000000080010e68                InitPAD2
 .text          0x0000000080010e78       0x10 ../psyq/lib/libapi.a(a19.o)
                0x0000000080010e78                StartPAD2
 .text          0x0000000080010e88       0x10 ../psyq/lib/libapi.a(a21.o)
                0x0000000080010e88                PAD_init2
 .text          0x0000000080010e98       0x10 ../psyq/lib/libapi.a(a36.o)
                0x0000000080010e98                EnterCriticalSection
 .text          0x0000000080010ea8       0x10 ../psyq/lib/libapi.a(a37.o)
                0x0000000080010ea8                ExitCriticalSection
 .text          0x0000000080010eb8       0x10 ../psyq/lib/libapi.a(c68.o)
                0x0000000080010eb8                FlushCache
 .text          0x0000000080010ec8       0x70 ../psyq/lib/libapi.a(chclrpad.o)
                0x0000000080010ec8                _remove_ChgclrPAD
 .text          0x0000000080010f38       0x10 ../psyq/lib/libapi.a(l02.o)
                0x0000000080010f38                SysEnqIntRP
 .text          0x0000000080010f48       0x10 ../psyq/lib/libapi.a(l03.o)
                0x0000000080010f48                SysDeqIntRP
 .text          0x0000000080010f58       0x10 ../psyq/lib/libc.a(c42.o)
                0x0000000080010f58                memcpy
 .text          0x0000000080010f68      0x210 ../psyq/lib/libetc.a(vsync.o)
                0x0000000080010f68                VSync
 .text          0x0000000080011178      0x120 ../psyq/lib/libetc.a(intr_vb.o)
                0x0000000080011178                startIntrVSync
 .text          0x0000000080011298      0x6c0 ../psyq/lib/libetc.a(intr.o)
                0x0000000080011298                ResetCallback
                0x00000000800112c8                InterruptCallback
                0x00000000800112f8                DMACallback
                0x0000000080011328                VSyncCallback
                0x000000008001135c                VSyncCallbacks
                0x000000008001138c                StopCallback
                0x00000000800113bc                RestartCallback
                0x00000000800113ec                CheckCallback
                0x00000000800113fc                GetIntrMask
                0x0000000080011414                SetIntrMask
 .text          0x0000000080011958      0x2a0 ../psyq/lib/libetc.a(intr_dma.o)
                0x0000000080011958                startIntrDMA
 .text          0x0000000080011bf8       0xc0 ../psyq/lib/libgpu.a(e03.o)
                0x0000000080011bf8                SetDefDrawEnv
 .text          0x0000000080011cb8       0x40 ../psyq/lib/libgpu.a(e04.o)
                0x0000000080011cb8                SetDefDispEnv
 .text          0x0000000080011cf8      0xa80 ../psyq/lib/libgpu.a(font.o)
                0x0000000080011cf8                SetDumpFnt
                0x0000000080011d38                FntLoad
                0x0000000080011dd8                FntOpen
                0x0000000080012094                FntFlush
                0x00000000800123b0                FntPrint
 .text          0x0000000080012778       0x40 ../psyq/lib/libgpu.a(p06.o)
                0x0000000080012778                AddPrim
 .text          0x00000000800127b8       0x20 ../psyq/lib/libgpu.a(p09.o)
                0x00000000800127b8                TermPrim
 .text          0x00000000800127d8       0x30 ../psyq/lib/libgpu.a(p10.o)
                0x00000000800127d8                SetSemiTrans
 .text          0x0000000080012808       0x20 ../psyq/lib/libgpu.a(p20.o)
                0x0000000080012808                SetSprt8
 .text          0x0000000080012828       0x20 ../psyq/lib/libgpu.a(p26.o)
                0x0000000080012828                SetTile
 .text          0x0000000080012848       0xa0 ../psyq/lib/libgpu.a(p41.o)
                0x0000000080012848                SetDrawMode
 .text          0x00000000800128e8     0x2f00 ../psyq/lib/libgpu.a(sys.o)
                0x00000000800128e8                ResetGraph
                0x0000000080012a5c                SetGraphDebug
                0x0000000080012ab8                SetGraphQueue
                0x0000000080012b5c                GetGraphDebug
                0x0000000080012b6c                DrawSyncCallback
                0x0000000080012bcc                SetDispMask
                0x0000000080012c64                DrawSync
                0x0000000080012de8                ClearImage
                0x0000000080012e78                ClearImage2
                0x0000000080012f10                LoadImage
                0x0000000080012f70                StoreImage
                0x0000000080012fd0                MoveImage
                0x0000000080013088                ClearOTag
                0x0000000080013150                ClearOTagR
                0x00000000800131fc                DrawPrim
                0x0000000080013258                DrawOTag
                0x00000000800132c8                PutDrawEnv
                0x0000000080013388                DrawOTagEnv
                0x0000000080013460                GetDrawEnv
                0x0000000080013494                PutDispEnv
                0x000000008001398c                GetDispEnv
                0x00000000800139c0                GetODE
                0x00000000800139f0                SetDrawArea
                0x0000000080013a70                SetDrawOffset
                0x0000000080013ab0                SetDrawEnv
                0x0000000080015380                LoadImage2
                0x000000008001546c                StoreImage2
                0x0000000080015558                MoveImage2
                0x000000008001569c                DrawOTag2
                0x0000000080015798                _GPU_ResetCallback
 .text          0x00000000800157e8      0x190 ../psyq/lib/libgpu.a(t00.o)
                0x00000000800157e8                OpenTIM
                0x00000000800157f8                ReadTIM
 .text          0x0000000080015978       0xf0 ../psyq/lib/libgpu.a(e00.o)
                0x0000000080015978                LoadTPage
 .text          0x0000000080015a68       0x70 ../psyq/lib/libgpu.a(e02.o)
                0x0000000080015a68                LoadClut2
 .text          0x0000000080015ad8       0x40 ../psyq/lib/libgpu.a(p00.o)
                0x0000000080015ad8                GetTPage
 .text          0x0000000080015b18       0x20 ../psyq/lib/libgpu.a(p01.o)
                0x0000000080015b18                GetClut
 .text          0x0000000080015b38       0x90 ../psyq/lib/libgte.a(msc00.o)
                0x0000000080015b40                InitGeom
 .text          0x0000000080015bc8       0xe0 ../psyq/lib/libgte.a(patchgte.o)
                0x0000000080015bc8                _patch_gte
 .text          0x0000000080015ca8       0x20 ../psyq/lib/libgte.a(reg12.o)
                0x0000000080015ca8                SetGeomOffset
 .text          0x0000000080015cc8       0x10 ../psyq/lib/libgte.a(reg13.o)
                0x0000000080015cc8                SetGeomScreen
 .text          0x0000000080015cd8       0x20 ../psyq/lib/libspu.a(s_gtsa.o)
                0x0000000080015cd8                SpuGetTransferStartAddr
 .text          0x0000000080015cf8       0x20 ../psyq/lib/libspu.a(s_i.o)
                0x0000000080015cf8                SpuInit
 .text          0x0000000080015d18      0x160 ../psyq/lib/libspu.a(s_ini.o)
                0x0000000080015d18                _SpuInit
                0x0000000080015e00                SpuStart
 .text          0x0000000080015e78       0xb0 ../psyq/lib/libspu.a(s_itc.o)
                0x0000000080015e78                SpuIsTransferCompleted
 .text          0x0000000080015f28       0x60 ../psyq/lib/libspu.a(s_m_init.o)
                0x0000000080015f28                SpuInitMalloc
 .text          0x0000000080015f88      0x2d0 ../psyq/lib/libspu.a(s_m_m.o)
                0x0000000080015f88                SpuMalloc
 .text          0x0000000080016258      0x380 ../psyq/lib/libspu.a(s_sca.o)
                0x0000000080016258                SpuSetCommonAttr
 .text          0x00000000800165d8      0x140 ../psyq/lib/libspu.a(s_si.o)
                0x00000000800165d8                SpuSetIRQ
 .text          0x0000000080016718      0x1c0 ../psyq/lib/libspu.a(s_sk.o)
                0x0000000080016718                SpuSetKey
 .text          0x00000000800168d8       0x30 ../psyq/lib/libspu.a(s_stm.o)
                0x00000000800168d8                SpuSetTransferMode
 .text          0x0000000080016908       0x60 ../psyq/lib/libspu.a(s_stsa.o)
                0x0000000080016908                SpuSetTransferStartAddr
 .text          0x0000000080016968      0x600 ../psyq/lib/libspu.a(s_sva.o)
                0x0000000080016968                SpuSetVoiceAttr
 .text          0x0000000080016f68       0x60 ../psyq/lib/libspu.a(s_w.o)
                0x0000000080016f68                SpuWrite
 .text          0x0000000080016fc8      0xb40 ../psyq/lib/libspu.a(spu.o)
                0x0000000080016fc8                _spu_init
                0x0000000080017408                _spu_FiDMA
                0x00000000800174c4                _spu_Fr_
                0x000000008001756c                _spu_t
                0x00000000800177ec                _spu_Fw
                0x0000000080017870                _spu_Fr
                0x00000000800178d4                _spu_FsetRXX
                0x0000000080017918                _spu_FsetRXXa
                0x00000000800179bc                _spu_FgetRXXa
                0x00000000800179f8                _spu_FsetPCR
                0x0000000080017aa0                _spu_Fw1ts
 .text          0x0000000080017b08       0x30 ../psyq/lib/libspu.a(s_dcb.o)
                0x0000000080017b08                _SpuDataCallback
 .text          0x0000000080017b38      0x300 ../psyq/lib/libspu.a(s_m_int.o)
                0x0000000080017b38                _spu_gcSPU
 .text          0x0000000080017e38      0x200 ../psyq/lib/libspu.a(s_n2p.o)
                0x0000000080017e38                _spu_note2pitch
                0x0000000080017f08                _spu_pitch2note
 .text          0x0000000080018038       0x10 ../psyq/lib/libapi.a(a07.o)
                0x0000000080018038                DeliverEvent
 .text          0x0000000080018048       0x10 ../psyq/lib/libapi.a(a08.o)
                0x0000000080018048                OpenEvent
 .text          0x0000000080018058       0x10 ../psyq/lib/libapi.a(a11.o)
                0x0000000080018058                TestEvent
 .text          0x0000000080018068       0x10 ../psyq/lib/libapi.a(a12.o)
                0x0000000080018068                EnableEvent
 .text          0x0000000080018078       0x10 ../psyq/lib/libapi.a(a23.o)
                0x0000000080018078                ReturnFromException
 .text          0x0000000080018088       0x10 ../psyq/lib/libapi.a(a24.o)
                0x0000000080018088                ResetEntryInt
 .text          0x0000000080018098       0x10 ../psyq/lib/libapi.a(a25.o)
                0x0000000080018098                HookEntryInt
 .text          0x00000000800180a8       0x20 ../psyq/lib/libapi.a(c114.o)
                0x00000000800180b0                _96_remove
 .text          0x00000000800180c8       0x10 ../psyq/lib/libapi.a(c73.o)
                0x00000000800180c8                GPU_cw
 .text          0x00000000800180d8       0x10 ../psyq/lib/libapi.a(l10.o)
                0x00000000800180d8                ChangeClearRCnt
 .text          0x00000000800180e8       0x20 ../psyq/lib/libc.a(a63.o)
                0x00000000800180f0                puts
 .text          0x0000000080018108       0x10 ../psyq/lib/libc.a(c19.o)
                0x0000000080018108                setjmp
 .text          0x0000000080018118       0x10 ../psyq/lib/libc.a(c27.o)
                0x0000000080018118                strlen
 .text          0x0000000080018128       0x10 ../psyq/lib/libc.a(c43.o)
                0x0000000080018128                memset
 .text          0x0000000080018138       0x10 ../psyq/lib/libc.a(c63.o)
                0x0000000080018138                printf
 .text          0x0000000080018148       0x30 ../psyq/lib/libetc.a(vmode.o)
                0x0000000080018148                SetVideoMode
                0x000000008001815c                GetVideoMode
                0x0000000080018180                . = ALIGN (0x10)
 *fill*         0x0000000080018178        0x8 
 *(.init)
                0x0000000080018180                . = ALIGN (0x10)
 *(.fini)
                0x0000000080018180                . = ALIGN (0x10)
                0x0000000080018180                __text_end = .
                0x0000000080018180                __ftext_end = ABSOLUTE (.)
                0x0000000080018180                __fdata_start = ABSOLUTE (.)

.rodata         0x0000000080018180     0xaf80
 *(.rodata .rodata.* .rdata .rdata.* .gnu.linkonce.r.*)
 .rodata.str1.4
                0x0000000080018180       0x70 main.o
 .rodata        0x00000000800181f0       0x10 ../common/crt0/crt0.o
 .rodata        0x0000000080018200     0x1220 TIM/smug64.o
                0x0000000080018200                _binary_TIM_smug64_tim_start
                0x0000000080019420                _binary_TIM_smug64_tim_end
 .rodata        0x0000000080019420     0x4380 VAG/hello.o
                0x0000000080019420                _binary_VAG_hello_vag_start
                0x000000008001d7a0                _binary_VAG_hello_vag_end
 .rodata        0x000000008001d7a0     0x54c0 VAG/poly.o
                0x000000008001d7a0                _binary_VAG_poly_vag_start
                0x0000000080022c60                _binary_VAG_poly_vag_end
 .rdata         0x0000000080022c60       0x10 ../psyq/lib/libetc.a(vsync.o)
 .rdata         0x0000000080022c70       0x70 ../psyq/lib/libetc.a(intr.o)
 .rdata         0x0000000080022ce0       0x30 ../psyq/lib/libetc.a(intr_dma.o)
 .rdata         0x0000000080022d10       0xa0 ../psyq/lib/libgpu.a(font.o)
 .rdata         0x0000000080022db0      0x220 ../psyq/lib/libgpu.a(sys.o)
 .rdata         0x0000000080022fd0       0x30 ../psyq/lib/libgpu.a(t00.o)
 .rdata         0x0000000080023000       0x40 ../psyq/lib/libspu.a(s_sca.o)
 .rdata         0x0000000080023040       0x30 ../psyq/lib/libspu.a(s_si.o)
 .rdata         0x0000000080023070       0x40 ../psyq/lib/libspu.a(s_sva.o)
 .rdata         0x00000000800230b0       0x50 ../psyq/lib/libspu.a(spu.o)
                0x0000000080023100                . = ALIGN (0x10)
                0x0000000080023100                __preinit_array_start = .
 *(.preinit_array)
                0x0000000080023100                __preinit_array_end = .
                0x0000000080023100                . = ALIGN (0x10)
                0x0000000080023100                __init_array_start = .
 *(SORT_BY_NAME(.init_array.*))
 *(.init_array)
                0x0000000080023100                . = ALIGN (0x10)
 *crtbegin.o(.ctors)
 *(EXCLUDE_FILE(*crtend.o) .ctors)
 *(SORT_BY_NAME(.ctors.*))
 *crtend.o(.ctors)
                0x0000000080023100                __init_array_end = .
                0x0000000080023100                . = ALIGN (0x10)
                0x0000000080023100                __fini_array_start = .
 *(.fini_array)
 *(SORT_BY_NAME(.fini_array.*))
 *crtbegin.o(.dtors)
 *(EXCLUDE_FILE(*crtend.o) .dtors)
 *(SORT_BY_NAME(.dtors.*))
 *crtend.o(.dtors)
                0x0000000080023100                __fini_array_end = .
                0x0000000080023100                __build_id = .
 *(.note.gnu.build-id)
                0x0000000080023100                __build_id_end = .

.rel.dyn        0x0000000080023100        0x0
 .rel.dyn       0x0000000080023100        0x0 ../psyq/lib/libgpu.a(sys.o)

.rodata1
 *(.rodata1)
                0x0000000080023100                __data_start = .

.data           0x0000000080023100    0x12700
 *(.a0table)
 *(.data .data.* .gnu.linkonce.d.*)
 .data          0x0000000080023100    0x10010 main.o
                0x0000000080023100                speed
                0x0000000080023104                primbuff
 .data          0x0000000080033110       0x10 ../psyq/lib/libapi.a(pad.o)
 .data          0x0000000080033120       0x20 ../psyq/lib/libetc.a(vsync.o)
                0x0000000080033130                Hcount
 .data          0x0000000080033140       0x30 ../psyq/lib/libetc.a(intr_vb.o)
                0x0000000080033160                Vcount
 .data          0x0000000080033170     0x1100 ../psyq/lib/libetc.a(intr.o)
 .data          0x0000000080034270       0x30 ../psyq/lib/libetc.a(intr_dma.o)
 .data          0x00000000800342a0      0xb90 ../psyq/lib/libgpu.a(font.o)
                0x00000000800342a0                Font
 .data          0x0000000080034e30      0x1a0 ../psyq/lib/libgpu.a(sys.o)
                0x0000000080034e7c                GPU_printf
                0x0000000080034e80                GEnv
                0x0000000080034fa8                _qin
                0x0000000080034fac                _qout
 .data          0x0000000080034fd0       0x10 ../psyq/lib/libgte.a(msc00.o)
 .data          0x0000000080034fe0       0x80 ../psyq/lib/libspu.a(s_ini.o)
                0x0000000080034fe8                _spu_EVdma
                0x0000000080034fec                _spu_keystat
                0x0000000080034ff0                _spu_trans_mode
                0x0000000080034ff4                _spu_rev_flag
                0x0000000080034ff8                _spu_rev_reserve_wa
                0x0000000080034ffc                _spu_rev_offsetaddr
                0x0000000080035000                _spu_rev_attr
                0x0000000080035014                _spu_RQvoice
                0x0000000080035018                _spu_RQmask
                0x000000008003501c                _spu_voice_centerNote
                0x000000008003504c                _spu_env
                0x0000000080035050                _spu_isCalled
 .data          0x0000000080035060       0x10 ../psyq/lib/libspu.a(s_m.o)
                0x0000000080035060                _spu_AllocBlockNum
                0x0000000080035064                _spu_AllocLastNum
                0x0000000080035068                _spu_memList
 .data          0x0000000080035070       0x30 ../psyq/lib/libspu.a(s_rmp0.o)
                0x0000000080035070                _spu_rev_startaddr
 .data          0x00000000800350a0       0x60 ../psyq/lib/libspu.a(spu.o)
                0x00000000800350a0                _spu_RXX
                0x00000000800350b8                _spu_tsa
                0x00000000800350bc                _spu_transMode
                0x00000000800350c0                _spu_addrMode
                0x00000000800350c4                _spu_mem_mode
                0x00000000800350c8                _spu_mem_mode_plus
                0x00000000800350cc                _spu_mem_mode_unit
                0x00000000800350d0                _spu_mem_mode_unitM
                0x00000000800350d4                _spu_inTransfer
                0x00000000800350d8                _spu_transferCallback
                0x00000000800350dc                _spu_IRQCallback
 .data          0x0000000080035100      0x120 ../psyq/lib/libspu.a(s_n2p.o)
 .data          0x0000000080035220       0x10 ../psyq/lib/libetc.a(vmode.o)
 *(.data1)
 *(.got.plt)
 *(.got)
                0x0000000080035800                . = ALIGN (0x800)
 *fill*         0x0000000080035230      0x5d0 
                0x0000000080035800                __data_end = .
                0x0000000080035800                __fdata_end = .
                0x0000000080035800                __bss_start = .

.sbss           0x0000000080035800     0x5f34
 *(.dynsbss)
 *(.sbss .sbss.* .gnu.linkonce.sb.*)
 *(.scommon)
 *(.dynbss)
 *(.bss .bss.* .gnu.linkonce.b.*)
 .bss           0x0000000080035800      0x270 main.o
                0x0000000080035800                smug64
                0x0000000080035814                tim_voffs
                0x0000000080035818                tim_uoffs
                0x000000008003581c                tim_crect
                0x0000000080035824                tim_prect
                0x000000008003582c                tim_mode
                0x0000000080035830                spu_malloc_rec
                0x0000000080035860                poly_transSize
                0x0000000080035864                poly_get_start_addr
                0x0000000080035868                poly_spu_start_address
                0x000000008003586c                hello_transSize
                0x0000000080035870                hello_get_start_addr
                0x0000000080035874                hello_spu_start_address
                0x0000000080035878                poly_spu_address
                0x000000008003587c                hello_spu_address
                0x0000000080035880                voiceAttributes
                0x00000000800358c0                commonAttributes
                0x00000000800358e8                db
                0x00000000800358ec                padbuff
                0x0000000080035930                fired
                0x0000000080035934                bounce
                0x0000000080035938                dirX
                0x000000008003593c                dirY
                0x0000000080035940                pos_x
                0x0000000080035944                pos_y
                0x0000000080035948                nextpri
                0x000000008003594c                ot
                0x000000008003598c                draw
                0x0000000080035a44                disp
 .bss           0x0000000080035a70       0x10 ../psyq/lib/libapi.a(pad.o)
                0x0000000080035a70                _apiPadPatch
 .bss           0x0000000080035a80       0x10 ../psyq/lib/libapi.a(patch.o)
 .bss           0x0000000080035a90       0x10 ../psyq/lib/libapi.a(chclrpad.o)
 .bss           0x0000000080035aa0     0x4410 ../psyq/lib/libgpu.a(font.o)
 .bss           0x0000000080039eb0     0x1850 ../psyq/lib/libgpu.a(sys.o)
                0x0000000080039f00                _que
 .bss           0x000000008003b700       0x10 ../psyq/lib/libgpu.a(t00.o)
 .bss           0x000000008003b710       0x10 ../psyq/lib/libgte.a(patchgte.o)
 .bss           0x000000008003b720       0x14 ../psyq/lib/libspu.a(spu.o)
                0x000000008003b720                _spu_RQ
 *(COMMON)
                0x000000008003b734                . = ALIGN (0x4)
                0x000000008003b734                __bss_end = .
                0x000000008003b734                __heap_start = __heap_base
                0x000000008000f800                . = (ADDR (.text) - 0x800)
                0x000000008000f800                __end = .

/DISCARD/
 *(.MIPS.abiflags)
 *(.rel.iplt)
 *(.rela.iplt)
 *(.rel.plt)
 *(.rela.plt)
 *(.plt)
 *(.iplt)
 *(.note.GNU-stack)
 *(.gnu_debuglink)
 *(.gnu.lto_*)
OUTPUT(smug.elf elf32-tradlittlemips)

.mdebug.abi32   0x0000000000000000        0x0
 .mdebug.abi32  0x0000000000000000        0x0 main.o

.comment        0x0000000000000000       0x12
 .comment       0x0000000000000000       0x12 main.o
                                         0x13 (size before relaxing)

.gnu.attributes
                0x0000000000000000       0x10
 .gnu.attributes
                0x0000000000000000       0x10 main.o
 .gnu.attributes
                0x0000000000000010       0x10 ../common/crt0/crt0.o

.pdr            0x0000000000000000        0x0
 .pdr           0x0000000000000000        0x0 ../common/crt0/crt0.o

.note           0x0000000000000000     0x202c
 .note          0x0000000000000000       0x74 ../psyq/lib/libapi.a(a91.o)
 .note          0x0000000000000074       0x74 ../psyq/lib/libapi.a(pad.o)
 .note          0x00000000000000e8       0x74 ../psyq/lib/libapi.a(patch.o)
 .note          0x000000000000015c       0x74 ../psyq/lib/libapi.a(a18.o)
 .note          0x00000000000001d0       0x74 ../psyq/lib/libapi.a(a19.o)
 .note          0x0000000000000244       0x74 ../psyq/lib/libapi.a(a21.o)
 .note          0x00000000000002b8       0x74 ../psyq/lib/libapi.a(a36.o)
 .note          0x000000000000032c       0x74 ../psyq/lib/libapi.a(a37.o)
 .note          0x00000000000003a0       0x74 ../psyq/lib/libapi.a(c68.o)
 .note          0x0000000000000414       0x74 ../psyq/lib/libapi.a(chclrpad.o)
 .note          0x0000000000000488       0x74 ../psyq/lib/libapi.a(l02.o)
 .note          0x00000000000004fc       0x74 ../psyq/lib/libapi.a(l03.o)
 .note          0x0000000000000570       0x74 ../psyq/lib/libc.a(c42.o)
 .note          0x00000000000005e4       0x74 ../psyq/lib/libetc.a(vsync.o)
 .note          0x0000000000000658       0x74 ../psyq/lib/libetc.a(intr_vb.o)
 .note          0x00000000000006cc       0x74 ../psyq/lib/libetc.a(intr.o)
 .note          0x0000000000000740       0x74 ../psyq/lib/libetc.a(intr_dma.o)
 .note          0x00000000000007b4       0x74 ../psyq/lib/libgpu.a(e03.o)
 .note          0x0000000000000828       0x74 ../psyq/lib/libgpu.a(e04.o)
 .note          0x000000000000089c       0x74 ../psyq/lib/libgpu.a(font.o)
 .note          0x0000000000000910       0x74 ../psyq/lib/libgpu.a(p06.o)
 .note          0x0000000000000984       0x74 ../psyq/lib/libgpu.a(p09.o)
 .note          0x00000000000009f8       0x74 ../psyq/lib/libgpu.a(p10.o)
 .note          0x0000000000000a6c       0x74 ../psyq/lib/libgpu.a(p20.o)
 .note          0x0000000000000ae0       0x74 ../psyq/lib/libgpu.a(p26.o)
 .note          0x0000000000000b54       0x74 ../psyq/lib/libgpu.a(p41.o)
 .note          0x0000000000000bc8       0x74 ../psyq/lib/libgpu.a(sys.o)
 .note          0x0000000000000c3c       0x74 ../psyq/lib/libgpu.a(t00.o)
 .note          0x0000000000000cb0       0x74 ../psyq/lib/libgpu.a(e00.o)
 .note          0x0000000000000d24       0x74 ../psyq/lib/libgpu.a(e02.o)
 .note          0x0000000000000d98       0x74 ../psyq/lib/libgpu.a(p00.o)
 .note          0x0000000000000e0c       0x74 ../psyq/lib/libgpu.a(p01.o)
 .note          0x0000000000000e80       0x74 ../psyq/lib/libgte.a(msc00.o)
 .note          0x0000000000000ef4       0x74 ../psyq/lib/libgte.a(patchgte.o)
 .note          0x0000000000000f68       0x74 ../psyq/lib/libgte.a(reg12.o)
 .note          0x0000000000000fdc       0x74 ../psyq/lib/libgte.a(reg13.o)
 .note          0x0000000000001050       0x74 ../psyq/lib/libspu.a(s_gtsa.o)
 .note          0x00000000000010c4       0x74 ../psyq/lib/libspu.a(s_i.o)
 .note          0x0000000000001138       0x74 ../psyq/lib/libspu.a(s_ini.o)
 .note          0x00000000000011ac       0x74 ../psyq/lib/libspu.a(s_itc.o)
 .note          0x0000000000001220       0x74 ../psyq/lib/libspu.a(s_m.o)
 .note          0x0000000000001294       0x74 ../psyq/lib/libspu.a(s_m_init.o)
 .note          0x0000000000001308       0x74 ../psyq/lib/libspu.a(s_m_m.o)
 .note          0x000000000000137c       0x74 ../psyq/lib/libspu.a(s_rmp0.o)
 .note          0x00000000000013f0       0x74 ../psyq/lib/libspu.a(s_sca.o)
 .note          0x0000000000001464       0x74 ../psyq/lib/libspu.a(s_si.o)
 .note          0x00000000000014d8       0x74 ../psyq/lib/libspu.a(s_sk.o)
 .note          0x000000000000154c       0x74 ../psyq/lib/libspu.a(s_stm.o)
 .note          0x00000000000015c0       0x74 ../psyq/lib/libspu.a(s_stsa.o)
 .note          0x0000000000001634       0x74 ../psyq/lib/libspu.a(s_sva.o)
 .note          0x00000000000016a8       0x74 ../psyq/lib/libspu.a(s_w.o)
 .note          0x000000000000171c       0x74 ../psyq/lib/libspu.a(spu.o)
 .note          0x0000000000001790       0x74 ../psyq/lib/libspu.a(s_dcb.o)
 .note          0x0000000000001804       0x74 ../psyq/lib/libspu.a(s_m_int.o)
 .note          0x0000000000001878       0x74 ../psyq/lib/libspu.a(s_n2p.o)
 .note          0x00000000000018ec       0x74 ../psyq/lib/libapi.a(a07.o)
 .note          0x0000000000001960       0x74 ../psyq/lib/libapi.a(a08.o)
 .note          0x00000000000019d4       0x74 ../psyq/lib/libapi.a(a11.o)
 .note          0x0000000000001a48       0x74 ../psyq/lib/libapi.a(a12.o)
 .note          0x0000000000001abc       0x74 ../psyq/lib/libapi.a(a23.o)
 .note          0x0000000000001b30       0x74 ../psyq/lib/libapi.a(a24.o)
 .note          0x0000000000001ba4       0x74 ../psyq/lib/libapi.a(a25.o)
 .note          0x0000000000001c18       0x74 ../psyq/lib/libapi.a(c114.o)
 .note          0x0000000000001c8c       0x74 ../psyq/lib/libapi.a(c73.o)
 .note          0x0000000000001d00       0x74 ../psyq/lib/libapi.a(l10.o)
 .note          0x0000000000001d74       0x74 ../psyq/lib/libc.a(a63.o)
 .note          0x0000000000001de8       0x74 ../psyq/lib/libc.a(c19.o)
 .note          0x0000000000001e5c       0x74 ../psyq/lib/libc.a(c27.o)
 .note          0x0000000000001ed0       0x74 ../psyq/lib/libc.a(c43.o)
 .note          0x0000000000001f44       0x74 ../psyq/lib/libc.a(c63.o)
 .note          0x0000000000001fb8       0x74 ../psyq/lib/libetc.a(vmode.o)

.debug_info     0x0000000000000000     0x139d
 .debug_info    0x0000000000000000     0x1377 main.o
 .debug_info    0x0000000000001377       0x26 ../common/crt0/crt0.o

.debug_abbrev   0x0000000000000000      0x378
 .debug_abbrev  0x0000000000000000      0x364 main.o
 .debug_abbrev  0x0000000000000364       0x14 ../common/crt0/crt0.o

.debug_loc      0x0000000000000000      0x440
 .debug_loc     0x0000000000000000      0x440 main.o

.debug_aranges  0x0000000000000000       0x88
 .debug_aranges
                0x0000000000000000       0x68 main.o
 .debug_aranges
                0x0000000000000068       0x20 ../common/crt0/crt0.o

.debug_ranges   0x0000000000000000       0x70
 .debug_ranges  0x0000000000000000       0x70 main.o

.debug_line     0x0000000000000000      0x76b
 .debug_line    0x0000000000000000      0x714 main.o
 .debug_line    0x0000000000000714       0x57 ../common/crt0/crt0.o

.debug_str      0x0000000000000000      0x75f
 .debug_str     0x0000000000000000      0x73d main.o
                                        0x78c (size before relaxing)
 .debug_str     0x000000000000073d       0x22 ../common/crt0/crt0.o
                                         0x47 (size before relaxing)

.debug_frame    0x0000000000000000      0x150
 .debug_frame   0x0000000000000000      0x150 main.o
